// Jest Snapshot v1, https://goo.gl/fbAQLP

exports[`Â´Pruebas en <FirstApp/> debe de hacer match con el snapshot 1`] = `
<div>
  <h1>
    Hola, soy Goku
  </h1>
  <p>
    No hay subtitulo
  </p>
  <p>
    Fernando Herrera
  </p>
</div>
`;
